<?xml version="1.0" encoding="UTF-8"?>
<testsuites name="jest tests" tests="19" failures="0" errors="0" time="0.239">
  <testsuite name="Mail System API Tests" errors="0" failures="0" skipped="0" timestamp="2026-03-03T15:55:11" time="0.204" tests="19">
    <testcase classname="Mail System API Tests GET /health should return healthy status" name="Mail System API Tests GET /health should return healthy status" time="0.01">
    </testcase>
    <testcase classname="Mail System API Tests GET /api/info should return app info and stats" name="Mail System API Tests GET /api/info should return app info and stats" time="0.001">
    </testcase>
    <testcase classname="Mail System API Tests GET /api/emails should return list of emails" name="Mail System API Tests GET /api/emails should return list of emails" time="0.001">
    </testcase>
    <testcase classname="Mail System API Tests POST /api/emails should create a new email" name="Mail System API Tests POST /api/emails should create a new email" time="0.005">
    </testcase>
    <testcase classname="Mail System API Tests PUT /api/emails/:id/read should mark email as read" name="Mail System API Tests PUT /api/emails/:id/read should mark email as read" time="0.001">
    </testcase>
    <testcase classname="Mail System API Tests PUT /api/emails/:id/star should toggle star status" name="Mail System API Tests PUT /api/emails/:id/star should toggle star status" time="0.002">
    </testcase>
    <testcase classname="Mail System API Tests DELETE /api/emails/:id should move email to trash" name="Mail System API Tests DELETE /api/emails/:id should move email to trash" time="0">
    </testcase>
    <testcase classname="Mail System API Tests DELETE /api/emails/:id should permanently delete from trash" name="Mail System API Tests DELETE /api/emails/:id should permanently delete from trash" time="0.003">
    </testcase>
    <testcase classname="Mail System API Tests POST /api/emails should block empty emails" name="Mail System API Tests POST /api/emails should block empty emails" time="0">
    </testcase>
    <testcase classname="Mail System API Tests PUT /api/emails/:id should update a draft" name="Mail System API Tests PUT /api/emails/:id should update a draft" time="0.001">
    </testcase>
    <testcase classname="Mail System API Tests PUT /api/emails/:id should send a draft" name="Mail System API Tests PUT /api/emails/:id should send a draft" time="0.001">
    </testcase>
    <testcase classname="Mail System API Tests PUT /api/emails/:id should update a draft with explicit folder" name="Mail System API Tests PUT /api/emails/:id should update a draft with explicit folder" time="0.001">
    </testcase>
    <testcase classname="Mail System API Tests GET /api/emails/:id should return 404 for missing email" name="Mail System API Tests GET /api/emails/:id should return 404 for missing email" time="0">
    </testcase>
    <testcase classname="Mail System API Tests PUT /api/emails/:id/read should return 404 for missing email" name="Mail System API Tests PUT /api/emails/:id/read should return 404 for missing email" time="0.001">
    </testcase>
    <testcase classname="Mail System API Tests PUT /api/emails/:id/star should return 404 for missing email" name="Mail System API Tests PUT /api/emails/:id/star should return 404 for missing email" time="0">
    </testcase>
    <testcase classname="Mail System API Tests DELETE /api/emails/:id should return 404 for missing email" name="Mail System API Tests DELETE /api/emails/:id should return 404 for missing email" time="0.001">
    </testcase>
    <testcase classname="Mail System API Tests PUT /api/emails/:id should return 404 for missing email" name="Mail System API Tests PUT /api/emails/:id should return 404 for missing email" time="0">
    </testcase>
    <testcase classname="Mail System API Tests GET /api/activities should return logs" name="Mail System API Tests GET /api/activities should return logs" time="0.001">
    </testcase>
    <testcase classname="Mail System API Tests GET unknown route should return index.html" name="Mail System API Tests GET unknown route should return index.html" time="0.001">
    </testcase>
  </testsuite>
</testsuites>